Error 2026-05-19T214900

Exception has occurred: RuntimeError
Failed to generate response: 'file_path'
  File "C:\KpStuff\NUS\Internships\HTX\Learn Harness Engineering\Project 01 Prompt-Only VS Rules-First\agent2_harness\coding_agent.py", line 161, in <module>
    result = handle_tool_call(fn, args)
             ^^^^^^^^^^^^^^^^^^^^^^^^^^
  File "C:\KpStuff\NUS\Internships\HTX\Learn Harness Engineering\Project 01 Prompt-Only VS Rules-First\agent2_harness\coding_agent.py", line 108, in handle_tool_call
    result = write_file(tool_args["file_path"], tool_args["content"])
                        ~~~~~~~~~^^^^^^^^^^^^^
KeyError: 'file_path'

The above exception was the direct cause of the following exception:

  File "C:\KpStuff\NUS\Internships\HTX\Learn Harness Engineering\Project 01 Prompt-Only VS Rules-First\agent2_harness\coding_agent.py", line 171, in <module>
    raise RuntimeError(f"Failed to generate response: {e}") from e
RuntimeError: Failed to generate response: 'file_path'


Error 2026-05-26T223500

Traceback (most recent call last):
  File "C:\KpStuff\NUS\Internships\HTX\Q-Engg\KP\Learn-Harness-Engineering\Project-01-Prompt-Only-VS-Rules-First\coding_agent.py", line 142, in <module>
    fn_args = json.loads(fn_args)
              ^^^^^^^^^^^^^^^^^^^
  File "c:\Users\KPEI\miniconda3\envs\AI-Engg-HTX\Lib\json\__init__.py", line 346, in loads
    return _default_decoder.decode(s)
           ^^^^^^^^^^^^^^^^^^^^^^^^^^
  File "c:\Users\KPEI\miniconda3\envs\AI-Engg-HTX\Lib\json\decoder.py", line 338, in decode
    obj, end = self.raw_decode(s, idx=_w(s, 0).end())
               ^^^^^^^^^^^^^^^^^^^^^^^^^^^^^^^^^^^^^^
  File "c:\Users\KPEI\miniconda3\envs\AI-Engg-HTX\Lib\json\decoder.py", line 354, in raw_decode
    obj, end = self.scan_once(s, idx)
               ^^^^^^^^^^^^^^^^^^^^^^
json.decoder.JSONDecodeError: Unterminated string starting at: line 1 column 13 (char 12)

The above exception was the direct cause of the following exception:

Traceback (most recent call last):
  File "c:\Users\KPEI\miniconda3\envs\AI-Engg-HTX\Lib\runpy.py", line 198, in _run_module_as_main
    return _run_code(code, main_globals, None,
           ^^^^^^^^^^^^^^^^^^^^^^^^^^^^^^^^^^^
  File "c:\Users\KPEI\miniconda3\envs\AI-Engg-HTX\Lib\runpy.py", line 88, in _run_code
    exec(code, run_globals)
  File "c:\Users\KPEI\.vscode\extensions\ms-python.debugpy-2026.6.0-win32-x64\bundled\libs\debugpy\launcher/../..\debugpy\__main__.py", line 71, in <module>
    cli.main()
  File "c:\Users\KPEI\.vscode\extensions\ms-python.debugpy-2026.6.0-win32-x64\bundled\libs\debugpy\launcher/../..\debugpy/..\debugpy\server\cli.py", line 542, in main
    run()
  File "c:\Users\KPEI\.vscode\extensions\ms-python.debugpy-2026.6.0-win32-x64\bundled\libs\debugpy\launcher/../..\debugpy/..\debugpy\server\cli.py", line 361, in run_file
    runpy.run_path(target, run_name="__main__")
  File "c:\Users\KPEI\.vscode\extensions\ms-python.debugpy-2026.6.0-win32-x64\bundled\libs\debugpy\_vendored\pydevd\_pydevd_bundle\pydevd_runpy.py", line 310, in run_path
    return _run_module_code(code, init_globals, run_name, pkg_name=pkg_name, script_name=fname)
           ^^^^^^^^^^^^^^^^^^^^^^^^^^^^^^^^^^^^^^^^^^^^^^^^^^^^^^^^^^^^^^^^^^^^^^^^^^^^^^^^^^^^
  File "c:\Users\KPEI\.vscode\extensions\ms-python.debugpy-2026.6.0-win32-x64\bundled\libs\debugpy\_vendored\pydevd\_pydevd_bundle\pydevd_runpy.py", line 127, in _run_module_code
    _run_code(code, mod_globals, init_globals, mod_name, mod_spec, pkg_name, script_name)
  File "c:\Users\KPEI\.vscode\extensions\ms-python.debugpy-2026.6.0-win32-x64\bundled\libs\debugpy\_vendored\pydevd\_pydevd_bundle\pydevd_runpy.py", line 118, in _run_code
    exec(code, run_globals)
  File "C:\KpStuff\NUS\Internships\HTX\Q-Engg\KP\Learn-Harness-Engineering\Project-01-Prompt-Only-VS-Rules-First\coding_agent.py", line 168, in <module>
    raise RuntimeError(f"Failed to generate response: {e}") from e
RuntimeError: Failed to generate response: Unterminated string starting at: line 1 column 13 (char 12)